<html>
<body>
<pre>
<h1>µVision Build Log</h1>
<h2>Project:</h2>
D:\Dropbox\ece362_f14_labs\ece362_lab10\lab10.uvproj
Project File Date:  05/04/2014

<h2>Output:</h2>
Rebuild target 'LPC1768 RAM'
assembling startup_LPC17xx.s...
compiling system_LPC17xx.c...
compiling lab10.c...
compiling timer.c...
linking...
Program Size: Code=1920 RO-data=236 RW-data=20 ZI-data=516  
".\RAM\Blinky.axf" - 0 Error(s), 0 Warning(s).
rnings, 1 error
compiling lab10.c...
source\lab10.c(20): error:  #5: cannot open source input file "lpc17xx.h": No such file or directory
  #include "lpc17xx.h"
source\lab10.c: 0 warnings, 1 error
compiling timer.c...
source\timer.c(21): error:  #5: cannot open source input file "lpc17xx.h": No such file or directory
  #include "lpc17xx.h"
source\timer.c: 0 warnings, 1 error
".\RAM\Blinky.axf" - 3 Error(s), 0 Warning(s).
Target not created
