Product: MDK-ARM Lite 5.10
Component: ARM Compiler 5.04 update 1 (build 49)
Tool: armlink [5040049]

==============================================================================

Section Cross References

    startup_lpc17xx.o(RESET) refers to startup_lpc17xx.o(STACK) for __initial_sp
    startup_lpc17xx.o(RESET) refers to startup_lpc17xx.o(.text) for Reset_Handler
    startup_lpc17xx.o(RESET) refers to timer.o(.text) for TIMER0_IRQHandler
    startup_lpc17xx.o(.text) refers to system_lpc17xx.o(.text) for SystemInit
    startup_lpc17xx.o(.text) refers to entry.o(.ARM.Collect$$$$00000000) for __main
    system_lpc17xx.o(.text) refers to uldiv.o(.text) for __aeabi_uldivmod
    system_lpc17xx.o(.text) refers to system_lpc17xx.o(.data) for SystemCoreClock
    lab10.o(.text) refers to timer.o(.text) for init_timer
    lab10.o(.text) refers to timer.o(.data) for timer0_m0_counter
    timer.o(.text) refers to timer.o(.data) for timer0_m0_counter
    timer.o(.text) refers to system_lpc17xx.o(.data) for SystemCoreClock
    entry.o(.ARM.Collect$$$$00000000) refers (Special) to entry10a.o(.ARM.Collect$$$$0000000D) for __rt_final_cpp
    entry.o(.ARM.Collect$$$$00000000) refers (Special) to entry11a.o(.ARM.Collect$$$$0000000F) for __rt_final_exit
    entry.o(.ARM.Collect$$$$00000000) refers (Special) to entry7b.o(.ARM.Collect$$$$00000008) for _main_clock
    entry.o(.ARM.Collect$$$$00000000) refers (Special) to entry8b.o(.ARM.Collect$$$$0000000A) for _main_cpp_init
    entry.o(.ARM.Collect$$$$00000000) refers (Special) to entry9a.o(.ARM.Collect$$$$0000000B) for _main_init
    entry.o(.ARM.Collect$$$$00000000) refers (Special) to entry5.o(.ARM.Collect$$$$00000004) for _main_scatterload
    entry.o(.ARM.Collect$$$$00000000) refers (Special) to entry2.o(.ARM.Collect$$$$00000001) for _main_stk
    uldiv.o(.text) refers to llushr.o(.text) for __aeabi_llsr
    uldiv.o(.text) refers to llshl.o(.text) for __aeabi_llsl
    entry2.o(.ARM.Collect$$$$00000001) refers to entry2.o(.ARM.Collect$$$$00002712) for __lit__00000000
    entry2.o(.ARM.Collect$$$$00002712) refers to startup_lpc17xx.o(STACK) for __initial_sp
    entry2.o(__vectab_stack_and_reset_area) refers to startup_lpc17xx.o(STACK) for __initial_sp
    entry2.o(__vectab_stack_and_reset_area) refers to entry.o(.ARM.Collect$$$$00000000) for __main
    entry5.o(.ARM.Collect$$$$00000004) refers to init.o(.text) for __scatterload
    entry9a.o(.ARM.Collect$$$$0000000B) refers to lab10.o(.text) for main
    entry9b.o(.ARM.Collect$$$$0000000C) refers to lab10.o(.text) for main
    init.o(.text) refers to entry5.o(.ARM.Collect$$$$00000004) for __main_after_scatterload


==============================================================================

Removing Unused input sections from the image.

    Removing startup_lpc17xx.o(HEAP), (0 bytes).
    Removing system_lpc17xx.o(.rev16_text), (4 bytes).
    Removing system_lpc17xx.o(.revsh_text), (4 bytes).
    Removing lab10.o(.rev16_text), (4 bytes).
    Removing lab10.o(.revsh_text), (4 bytes).
    Removing timer.o(.rev16_text), (4 bytes).
    Removing timer.o(.revsh_text), (4 bytes).

7 unused section(s) (total 24 bytes) removed from the image.

==============================================================================

Image Symbol Table

    Local Symbols

    Symbol Name                              Value     Ov Type        Size  Object(Section)

    ../clib/microlib/division.c              0x00000000   Number         0  uldiv.o ABSOLUTE
    ../clib/microlib/init/entry.s            0x00000000   Number         0  entry7b.o ABSOLUTE
    ../clib/microlib/init/entry.s            0x00000000   Number         0  entry7a.o ABSOLUTE
    ../clib/microlib/init/entry.s            0x00000000   Number         0  entry5.o ABSOLUTE
    ../clib/microlib/init/entry.s            0x00000000   Number         0  entry11b.o ABSOLUTE
    ../clib/microlib/init/entry.s            0x00000000   Number         0  entry11a.o ABSOLUTE
    ../clib/microlib/init/entry.s            0x00000000   Number         0  entry10b.o ABSOLUTE
    ../clib/microlib/init/entry.s            0x00000000   Number         0  entry10a.o ABSOLUTE
    ../clib/microlib/init/entry.s            0x00000000   Number         0  entry9b.o ABSOLUTE
    ../clib/microlib/init/entry.s            0x00000000   Number         0  entry.o ABSOLUTE
    ../clib/microlib/init/entry.s            0x00000000   Number         0  entry9a.o ABSOLUTE
    ../clib/microlib/init/entry.s            0x00000000   Number         0  entry8b.o ABSOLUTE
    ../clib/microlib/init/entry.s            0x00000000   Number         0  entry2.o ABSOLUTE
    ../clib/microlib/init/entry.s            0x00000000   Number         0  entry8a.o ABSOLUTE
    ../clib/microlib/longlong.c              0x00000000   Number         0  llushr.o ABSOLUTE
    ../clib/microlib/longlong.c              0x00000000   Number         0  llshl.o ABSOLUTE
    dc.s                                     0x00000000   Number         0  dc.o ABSOLUTE
    handlers.s                               0x00000000   Number         0  handlers.o ABSOLUTE
    init.s                                   0x00000000   Number         0  init.o ABSOLUTE
    source\\lab10.c                          0x00000000   Number         0  lab10.o ABSOLUTE
    source\\timer.c                          0x00000000   Number         0  timer.o ABSOLUTE
    source\lab10.c                           0x00000000   Number         0  lab10.o ABSOLUTE
    source\timer.c                           0x00000000   Number         0  timer.o ABSOLUTE
    startup\\system_LPC17xx.c                0x00000000   Number         0  system_lpc17xx.o ABSOLUTE
    startup\startup_LPC17xx.s                0x00000000   Number         0  startup_lpc17xx.o ABSOLUTE
    startup\system_LPC17xx.c                 0x00000000   Number         0  system_lpc17xx.o ABSOLUTE
    .ARM.__at_0x02FC                         0x000002fc   Section        4  startup_lpc17xx.o(.ARM.__at_0x02FC)
    RESET                                    0x10000000   Section      204  startup_lpc17xx.o(RESET)
    .ARM.Collect$$$$00000000                 0x100000cc   Section        0  entry.o(.ARM.Collect$$$$00000000)
    .ARM.Collect$$$$00000001                 0x100000cc   Section        4  entry2.o(.ARM.Collect$$$$00000001)
    .ARM.Collect$$$$00000004                 0x100000d0   Section        4  entry5.o(.ARM.Collect$$$$00000004)
    .ARM.Collect$$$$00000008                 0x100000d4   Section        0  entry7b.o(.ARM.Collect$$$$00000008)
    .ARM.Collect$$$$0000000A                 0x100000d4   Section        0  entry8b.o(.ARM.Collect$$$$0000000A)
    .ARM.Collect$$$$0000000B                 0x100000d4   Section        8  entry9a.o(.ARM.Collect$$$$0000000B)
    .ARM.Collect$$$$0000000D                 0x100000dc   Section        0  entry10a.o(.ARM.Collect$$$$0000000D)
    .ARM.Collect$$$$0000000F                 0x100000dc   Section        0  entry11a.o(.ARM.Collect$$$$0000000F)
    .ARM.Collect$$$$00002712                 0x100000dc   Section        4  entry2.o(.ARM.Collect$$$$00002712)
    __lit__00000000                          0x100000dc   Data           4  entry2.o(.ARM.Collect$$$$00002712)
    .text                                    0x100000e0   Section       36  startup_lpc17xx.o(.text)
    .text                                    0x10000104   Section        0  system_lpc17xx.o(.text)
    .text                                    0x100003f4   Section        0  lab10.o(.text)
    .text                                    0x1000049c   Section        0  timer.o(.text)
    NVIC_EnableIRQ                           0x10000729   Thumb Code    22  timer.o(.text)
    .text                                    0x10000764   Section        0  uldiv.o(.text)
    .text                                    0x100007c6   Section        0  llshl.o(.text)
    .text                                    0x100007e4   Section        0  llushr.o(.text)
    .text                                    0x10000804   Section       36  init.o(.text)
    i.__scatterload_copy                     0x10000828   Section       14  handlers.o(i.__scatterload_copy)
    i.__scatterload_null                     0x10000836   Section        2  handlers.o(i.__scatterload_null)
    i.__scatterload_zeroinit                 0x10000838   Section       14  handlers.o(i.__scatterload_zeroinit)
    .data                                    0x10004000   Section        4  system_lpc17xx.o(.data)
    .data                                    0x10004004   Section       16  timer.o(.data)
    STACK                                    0x10004018   Section      512  startup_lpc17xx.o(STACK)

    Global Symbols

    Symbol Name                              Value     Ov Type        Size  Object(Section)

    BuildAttributes$$THM_ISAv4$P$D$K$B$S$PE$A:L22UL41UL21$X:L11$S22US41US21$IEEE1$IW$USESV6$~STKCKD$USESV7$~SHL$OSPACE$EBA8$MICROLIB$REQ8$PRES8$EABIv2 0x00000000   Number         0  anon$$obj.o ABSOLUTE
    __ARM_use_no_argv                        0x00000000   Number         0  lab10.o ABSOLUTE
    __cpp_initialize__aeabi_                  - Undefined Weak Reference
    __cxa_finalize                            - Undefined Weak Reference
    __decompress                              - Undefined Weak Reference
    _clock_init                               - Undefined Weak Reference
    _microlib_exit                            - Undefined Weak Reference
    __Vectors                                0x10000000   Data           4  startup_lpc17xx.o(RESET)
    __main                                   0x100000cd   Thumb Code     0  entry.o(.ARM.Collect$$$$00000000)
    _main_stk                                0x100000cd   Thumb Code     0  entry2.o(.ARM.Collect$$$$00000001)
    _main_scatterload                        0x100000d1   Thumb Code     0  entry5.o(.ARM.Collect$$$$00000004)
    __main_after_scatterload                 0x100000d5   Thumb Code     0  entry5.o(.ARM.Collect$$$$00000004)
    _main_clock                              0x100000d5   Thumb Code     0  entry7b.o(.ARM.Collect$$$$00000008)
    _main_cpp_init                           0x100000d5   Thumb Code     0  entry8b.o(.ARM.Collect$$$$0000000A)
    _main_init                               0x100000d5   Thumb Code     0  entry9a.o(.ARM.Collect$$$$0000000B)
    __rt_final_cpp                           0x100000dd   Thumb Code     0  entry10a.o(.ARM.Collect$$$$0000000D)
    __rt_final_exit                          0x100000dd   Thumb Code     0  entry11a.o(.ARM.Collect$$$$0000000F)
    Reset_Handler                            0x100000e1   Thumb Code     8  startup_lpc17xx.o(.text)
    NMI_Handler                              0x100000e9   Thumb Code     2  startup_lpc17xx.o(.text)
    HardFault_Handler                        0x100000eb   Thumb Code     2  startup_lpc17xx.o(.text)
    MemManage_Handler                        0x100000ed   Thumb Code     2  startup_lpc17xx.o(.text)
    BusFault_Handler                         0x100000ef   Thumb Code     2  startup_lpc17xx.o(.text)
    UsageFault_Handler                       0x100000f1   Thumb Code     2  startup_lpc17xx.o(.text)
    SVC_Handler                              0x100000f3   Thumb Code     2  startup_lpc17xx.o(.text)
    DebugMon_Handler                         0x100000f5   Thumb Code     2  startup_lpc17xx.o(.text)
    PendSV_Handler                           0x100000f7   Thumb Code     2  startup_lpc17xx.o(.text)
    SysTick_Handler                          0x100000f9   Thumb Code     2  startup_lpc17xx.o(.text)
    ADC_IRQHandler                           0x100000fb   Thumb Code     0  startup_lpc17xx.o(.text)
    BOD_IRQHandler                           0x100000fb   Thumb Code     0  startup_lpc17xx.o(.text)
    CANActivity_IRQHandler                   0x100000fb   Thumb Code     0  startup_lpc17xx.o(.text)
    CAN_IRQHandler                           0x100000fb   Thumb Code     0  startup_lpc17xx.o(.text)
    DMA_IRQHandler                           0x100000fb   Thumb Code     0  startup_lpc17xx.o(.text)
    EINT0_IRQHandler                         0x100000fb   Thumb Code     0  startup_lpc17xx.o(.text)
    EINT1_IRQHandler                         0x100000fb   Thumb Code     0  startup_lpc17xx.o(.text)
    EINT2_IRQHandler                         0x100000fb   Thumb Code     0  startup_lpc17xx.o(.text)
    EINT3_IRQHandler                         0x100000fb   Thumb Code     0  startup_lpc17xx.o(.text)
    ENET_IRQHandler                          0x100000fb   Thumb Code     0  startup_lpc17xx.o(.text)
    I2C0_IRQHandler                          0x100000fb   Thumb Code     0  startup_lpc17xx.o(.text)
    I2C1_IRQHandler                          0x100000fb   Thumb Code     0  startup_lpc17xx.o(.text)
    I2C2_IRQHandler                          0x100000fb   Thumb Code     0  startup_lpc17xx.o(.text)
    I2S_IRQHandler                           0x100000fb   Thumb Code     0  startup_lpc17xx.o(.text)
    MCPWM_IRQHandler                         0x100000fb   Thumb Code     0  startup_lpc17xx.o(.text)
    PLL0_IRQHandler                          0x100000fb   Thumb Code     0  startup_lpc17xx.o(.text)
    PLL1_IRQHandler                          0x100000fb   Thumb Code     0  startup_lpc17xx.o(.text)
    PWM1_IRQHandler                          0x100000fb   Thumb Code     0  startup_lpc17xx.o(.text)
    QEI_IRQHandler                           0x100000fb   Thumb Code     0  startup_lpc17xx.o(.text)
    RIT_IRQHandler                           0x100000fb   Thumb Code     0  startup_lpc17xx.o(.text)
    RTC_IRQHandler                           0x100000fb   Thumb Code     0  startup_lpc17xx.o(.text)
    SPI_IRQHandler                           0x100000fb   Thumb Code     0  startup_lpc17xx.o(.text)
    SSP0_IRQHandler                          0x100000fb   Thumb Code     0  startup_lpc17xx.o(.text)
    SSP1_IRQHandler                          0x100000fb   Thumb Code     0  startup_lpc17xx.o(.text)
    TIMER2_IRQHandler                        0x100000fb   Thumb Code     0  startup_lpc17xx.o(.text)
    TIMER3_IRQHandler                        0x100000fb   Thumb Code     0  startup_lpc17xx.o(.text)
    UART0_IRQHandler                         0x100000fb   Thumb Code     0  startup_lpc17xx.o(.text)
    UART1_IRQHandler                         0x100000fb   Thumb Code     0  startup_lpc17xx.o(.text)
    UART2_IRQHandler                         0x100000fb   Thumb Code     0  startup_lpc17xx.o(.text)
    UART3_IRQHandler                         0x100000fb   Thumb Code     0  startup_lpc17xx.o(.text)
    USBActivity_IRQHandler                   0x100000fb   Thumb Code     0  startup_lpc17xx.o(.text)
    USB_IRQHandler                           0x100000fb   Thumb Code     0  startup_lpc17xx.o(.text)
    WDT_IRQHandler                           0x100000fb   Thumb Code     0  startup_lpc17xx.o(.text)
    SystemCoreClockUpdate                    0x10000105   Thumb Code   408  system_lpc17xx.o(.text)
    SystemInit                               0x1000029d   Thumb Code   314  system_lpc17xx.o(.text)
    main                                     0x100003f5   Thumb Code   152  lab10.o(.text)
    delayMs                                  0x1000049d   Thumb Code   102  timer.o(.text)
    TIMER0_IRQHandler                        0x10000503   Thumb Code    62  timer.o(.text)
    TIMER1_IRQHandler                        0x10000541   Thumb Code    54  timer.o(.text)
    enable_timer                             0x10000577   Thumb Code    24  timer.o(.text)
    disable_timer                            0x1000058f   Thumb Code    24  timer.o(.text)
    reset_timer                              0x100005a7   Thumb Code    34  timer.o(.text)
    init_timer                               0x100005c9   Thumb Code   352  timer.o(.text)
    __aeabi_uldivmod                         0x10000765   Thumb Code    98  uldiv.o(.text)
    __aeabi_llsl                             0x100007c7   Thumb Code    30  llshl.o(.text)
    _ll_shift_l                              0x100007c7   Thumb Code     0  llshl.o(.text)
    __aeabi_llsr                             0x100007e5   Thumb Code    32  llushr.o(.text)
    _ll_ushift_r                             0x100007e5   Thumb Code     0  llushr.o(.text)
    __scatterload                            0x10000805   Thumb Code    28  init.o(.text)
    __scatterload_rt2                        0x10000805   Thumb Code     0  init.o(.text)
    __scatterload_copy                       0x10000829   Thumb Code    14  handlers.o(i.__scatterload_copy)
    __scatterload_null                       0x10000837   Thumb Code     2  handlers.o(i.__scatterload_null)
    __scatterload_zeroinit                   0x10000839   Thumb Code    14  handlers.o(i.__scatterload_zeroinit)
    Region$$Table$$Base                      0x10000848   Number         0  anon$$obj.o(Region$$Table)
    Region$$Table$$Limit                     0x10000868   Number         0  anon$$obj.o(Region$$Table)
    SystemCoreClock                          0x10004000   Data           4  system_lpc17xx.o(.data)
    timer0_m0_counter                        0x10004004   Data           4  timer.o(.data)
    timer1_m0_counter                        0x10004008   Data           4  timer.o(.data)
    timer0_m1_counter                        0x1000400c   Data           4  timer.o(.data)
    timer1_m1_counter                        0x10004010   Data           4  timer.o(.data)
    __initial_sp                             0x10004218   Data           0  startup_lpc17xx.o(STACK)



==============================================================================

Memory Map of the image

  Image Entry point : 0x100000cd

  Load Region LR_IROM1 (Base: 0x10000000, Size: 0x0000087c, Max: 0x00004000, ABSOLUTE)

    Execution Region ER_IROM1 (Base: 0x10000000, Size: 0x00000868, Max: 0x00004000, ABSOLUTE)

    Base Addr    Size         Type   Attr      Idx    E Section Name        Object

    0x10000000   0x000000cc   Data   RO            3    RESET               startup_lpc17xx.o
    0x100000cc   0x00000000   Code   RO          121  * .ARM.Collect$$$$00000000  mc_w.l(entry.o)
    0x100000cc   0x00000004   Code   RO          126    .ARM.Collect$$$$00000001  mc_w.l(entry2.o)
    0x100000d0   0x00000004   Code   RO          129    .ARM.Collect$$$$00000004  mc_w.l(entry5.o)
    0x100000d4   0x00000000   Code   RO          131    .ARM.Collect$$$$00000008  mc_w.l(entry7b.o)
    0x100000d4   0x00000000   Code   RO          133    .ARM.Collect$$$$0000000A  mc_w.l(entry8b.o)
    0x100000d4   0x00000008   Code   RO          134    .ARM.Collect$$$$0000000B  mc_w.l(entry9a.o)
    0x100000dc   0x00000000   Code   RO          136    .ARM.Collect$$$$0000000D  mc_w.l(entry10a.o)
    0x100000dc   0x00000000   Code   RO          138    .ARM.Collect$$$$0000000F  mc_w.l(entry11a.o)
    0x100000dc   0x00000004   Code   RO          127    .ARM.Collect$$$$00002712  mc_w.l(entry2.o)
    0x100000e0   0x00000024   Code   RO            5    .text               startup_lpc17xx.o
    0x10000104   0x000002f0   Code   RO           15    .text               system_lpc17xx.o
    0x100003f4   0x000000a8   Code   RO           58    .text               lab10.o
    0x1000049c   0x000002c8   Code   RO           96    .text               timer.o
    0x10000764   0x00000062   Code   RO          124    .text               mc_w.l(uldiv.o)
    0x100007c6   0x0000001e   Code   RO          140    .text               mc_w.l(llshl.o)
    0x100007e4   0x00000020   Code   RO          142    .text               mc_w.l(llushr.o)
    0x10000804   0x00000024   Code   RO          144    .text               mc_w.l(init.o)
    0x10000828   0x0000000e   Code   RO          148    i.__scatterload_copy  mc_w.l(handlers.o)
    0x10000836   0x00000002   Code   RO          149    i.__scatterload_null  mc_w.l(handlers.o)
    0x10000838   0x0000000e   Code   RO          150    i.__scatterload_zeroinit  mc_w.l(handlers.o)
    0x10000846   0x00000002   PAD
    0x10000848   0x00000020   Data   RO          146    Region$$Table       anon$$obj.o


    Execution Region RW_IRAM1 (Base: 0x10004000, Size: 0x00000218, Max: 0x00004000, ABSOLUTE)

    Base Addr    Size         Type   Attr      Idx    E Section Name        Object

    0x10004000   0x00000004   Data   RW           16    .data               system_lpc17xx.o
    0x10004004   0x00000010   Data   RW           97    .data               timer.o
    0x10004014   0x00000004   PAD
    0x10004018   0x00000200   Zero   RW            1    STACK               startup_lpc17xx.o



  Load Region LR$$.ARM.__at_0x02FC (Base: 0x000002fc, Size: 0x00000004, Max: 0x00000004, ABSOLUTE)

    Execution Region ER$$.ARM.__at_0x02FC (Base: 0x000002fc, Size: 0x00000004, Max: 0x00000004, ABSOLUTE, UNINIT)

    Base Addr    Size         Type   Attr      Idx    E Section Name        Object

    0x000002fc   0x00000004   Code   RO            4    .ARM.__at_0x02FC    startup_lpc17xx.o


==============================================================================

Image component sizes


      Code (inc. data)   RO Data    RW Data    ZI Data      Debug   Object Name

       168         16          0          0          0      17191   lab10.o
        40         12        204          0        512        992   startup_lpc17xx.o
       752         30          0          4          0       5317   system_lpc17xx.o
       712         38          0         16          0      26445   timer.o

    ----------------------------------------------------------------------
      1672         96        236         20        516      49945   Object Totals
         0          0         32          0          0          0   (incl. Generated)
         0          0          0          0          4          0   (incl. Padding)

    ----------------------------------------------------------------------

      Code (inc. data)   RO Data    RW Data    ZI Data      Debug   Library Member Name

         0          0          0          0          0          0   entry.o
         0          0          0          0          0          0   entry10a.o
         0          0          0          0          0          0   entry11a.o
         8          4          0          0          0          0   entry2.o
         4          0          0          0          0          0   entry5.o
         0          0          0          0          0          0   entry7b.o
         0          0          0          0          0          0   entry8b.o
         8          4          0          0          0          0   entry9a.o
        30          0          0          0          0          0   handlers.o
        36          8          0          0          0         68   init.o
        30          0          0          0          0         68   llshl.o
        32          0          0          0          0         68   llushr.o
        98          0          0          0          0         92   uldiv.o

    ----------------------------------------------------------------------
       248         16          0          0          0        296   Library Totals
         2          0          0          0          0          0   (incl. Padding)

    ----------------------------------------------------------------------

      Code (inc. data)   RO Data    RW Data    ZI Data      Debug   Library Name

       246         16          0          0          0        296   mc_w.l

    ----------------------------------------------------------------------
       248         16          0          0          0        296   Library Totals

    ----------------------------------------------------------------------

==============================================================================


      Code (inc. data)   RO Data    RW Data    ZI Data      Debug   

      1920        112        236         20        516      50133   Grand Totals
      1920        112        236         20        516      50133   ELF Image Totals
      1920        112        236         20          0          0   ROM Totals

==============================================================================

    Total RO  Size (Code + RO Data)                 2156 (   2.11kB)
    Total RW  Size (RW Data + ZI Data)               536 (   0.52kB)
    Total ROM Size (Code + RO Data + RW Data)       2176 (   2.13kB)

==============================================================================

