<html>
<body>
<pre>
<h1>µVision Build Log</h1>
<h2>Project:</h2>
D:\Dropbox\ece362_f14_labs\ece362_lab10\lab10.uvproj
Project File Date:  05/04/2014

<h2>Output:</h2>
Rebuild target 'Simulator'
assembling startup_LPC17xx.s...
compiling system_LPC17xx.c...
compiling lab10.c...
compiling timer.c...
linking...
Program Size: Code=1732 RO-data=236 RW-data=8 ZI-data=608  
".\Obj\lab10.axf" - 0 Error(s), 0 Warning(s).
</pre>
</body>
</html>

Load "D:\\Dropbox\\ece362_f14_labs\\ece362_lab10\\Obj\\example01.axf" 
Erase Done.
Programming Done.
Verify OK.
0\\Obj\\example01.axf" 
Erase Done.
Programming Done.
Verify OK.
