<html>
<body>
<pre>
<h1>µVision Build Log</h1>
<h2>Tool Versions:</h2>
IDE-Version: µVision V5.12.0.0
Copyright (C) 2014 ARM Ltd and ARM Germany GmbH. All rights reserved.
License Information: Rasender singh, ipfw, LIC=----
 
Tool Versions:
Toolchain:       MDK-Lite  Version: 5.12.0.0
Toolchain Path:  C:\Keil_v5\ARM\ARMCC\Bin
C Compiler:      Armcc.exe V5.05 (build 41)
Assembler:       Armasm.exe V5.05 (build 41)
Linker/Locator:  ArmLink.exe V5.05 (build 41)
Library Manager: ArmAr.exe V5.05 (build 41)
Hex Converter:   FromElf.exe V5.05 (build 41)
CPU DLL:         SARMCM3.DLL V5.12.0.0
Dialog DLL:      DARMP1.DLL V1.25.0.0
Target DLL:      UL2CM3.DLL V1.153.0.0
Dialog DLL:      TARMP1.DLL V1.24.0.0
 
<h2>Project:</h2>
C:\Users\Bawa\Google Drive\ece362_lab_2015-09-24\ece362_lab11\lab11.uvproj
Project File Date:  11/14/2015

<h2>Output:</h2>
Build target 'Simulator'
linking...
Program Size: Code=1692 RO-data=236 RW-data=4 ZI-data=612  
".\Obj\lab10.axf" - 0 Error(s), 0 Warning(s).
Load "C:\\Users\\Bawa\\Google Drive\\ece362_lab_2015-09-24\\ece362_lab11\\Obj\\lab10.axf" 
Erase Done.
Programming Done.
Verify OK.
</pre>
</body>
</html>
ng(s).
